

================================================================
== Vivado HLS Report for 'eq'
================================================================
* Date:           Thu Dec 16 16:15:53 2021

* Version:        2019.2 (Build 2704478 on Wed Nov 06 22:10:23 MST 2019)
* Project:        c_to_rtl
* Solution:       sol
* Product family: virtex7
* Target device:  xc7vx485t-ffg1157-1


================================================================
== Performance Estimates
================================================================
+ Timing: 
    * Summary: 
    +--------+----------+----------+------------+
    |  Clock |  Target  | Estimated| Uncertainty|
    +--------+----------+----------+------------+
    |ap_clk  | 10.00 ns | 6.743 ns |   1.25 ns  |
    +--------+----------+----------+------------+

+ Latency: 
    * Summary: 
    +---------+---------+-----------+-----------+-----+-----+---------+
    |  Latency (cycles) |   Latency (absolute)  |  Interval | Pipeline|
    |   min   |   max   |    min    |    max    | min | max |   Type  |
    +---------+---------+-----------+-----------+-----+-----+---------+
    |        5|        5| 50.000 ns | 50.000 ns |    5|    5|   none  |
    +---------+---------+-----------+-----------+-----+-----+---------+

    + Detail: 
        * Instance: 
        N/A

        * Loop: 
        N/A



================================================================
== Utilization Estimates
================================================================
* Summary: 
+-----------------+---------+-------+--------+--------+-----+
|       Name      | BRAM_18K| DSP48E|   FF   |   LUT  | URAM|
+-----------------+---------+-------+--------+--------+-----+
|DSP              |        -|      -|       -|       -|    -|
|Expression       |        -|      4|       0|     236|    -|
|FIFO             |        -|      -|       -|       -|    -|
|Instance         |        -|      0|     168|     339|    -|
|Memory           |        -|      -|       -|       -|    -|
|Multiplexer      |        -|      -|       -|      38|    -|
|Register         |        -|      -|     132|       -|    -|
+-----------------+---------+-------+--------+--------+-----+
|Total            |        0|      4|     300|     613|    0|
+-----------------+---------+-------+--------+--------+-----+
|Available        |     2060|   2800|  607200|  303600|    0|
+-----------------+---------+-------+--------+--------+-----+
|Utilization (%)  |        0|   ~0  |   ~0   |   ~0   |    0|
+-----------------+---------+-------+--------+--------+-----+

+ Detail: 
    * Instance: 
    +-------------------------+----------------------+---------+-------+-----+-----+-----+
    |         Instance        |        Module        | BRAM_18K| DSP48E|  FF | LUT | URAM|
    +-------------------------+----------------------+---------+-------+-----+-----+-----+
    |eq_sitofp_32ns_32bkb_U1  |eq_sitofp_32ns_32bkb  |        0|      0|  168|  339|    0|
    +-------------------------+----------------------+---------+-------+-----+-----+-----+
    |Total                    |                      |        0|      0|  168|  339|    0|
    +-------------------------+----------------------+---------+-------+-----+-----+-----+

    * DSP48E: 
    N/A

    * Memory: 
    N/A

    * FIFO: 
    N/A

    * Expression: 
    +------------------------+----------+-------+---+----+------------+------------+
    |      Variable Name     | Operation| DSP48E| FF| LUT| Bitwidth P0| Bitwidth P1|
    +------------------------+----------+-------+---+----+------------+------------+
    |mul_ln4_fu_49_p2        |     *    |      4|  0|  22|          32|          33|
    |add_ln4_fu_115_p2       |     +    |      0|  0|  39|          32|          32|
    |sub_ln4_1_fu_102_p2     |     -    |      0|  0|  39|           1|          32|
    |sub_ln4_fu_73_p2        |     -    |      0|  0|  72|           1|          65|
    |select_ln4_1_fu_108_p3  |  select  |      0|  0|  32|           1|          32|
    |select_ln4_fu_95_p3     |  select  |      0|  0|  32|           1|          32|
    +------------------------+----------+-------+---+----+------------+------------+
    |Total                   |          |      4|  0| 236|          68|         226|
    +------------------------+----------+-------+---+----+------------+------------+

    * Multiplexer: 
    +-----------+----+-----------+-----+-----------+
    |    Name   | LUT| Input Size| Bits| Total Bits|
    +-----------+----+-----------+-----+-----------+
    |ap_NS_fsm  |  38|          7|    1|          7|
    +-----------+----+-----------+-----+-----------+
    |Total      |  38|          7|    1|          7|
    +-----------+----+-----------+-----+-----------+

    * Register: 
    +-----------------+----+----+-----+-----------+
    |       Name      | FF | LUT| Bits| Const Bits|
    +-----------------+----+----+-----+-----------+
    |add_ln4_reg_137  |  32|   0|   32|          0|
    |ap_CS_fsm        |   6|   0|    6|          0|
    |mul_ln4_reg_121  |  64|   0|   65|          1|
    |tmp_2_reg_126    |   1|   0|    1|          0|
    |tmp_reg_132      |  29|   0|   29|          0|
    +-----------------+----+----+-----+-----------+
    |Total            | 132|   0|  133|          1|
    +-----------------+----+----+-----+-----------+



================================================================
== Interface
================================================================
* Summary: 
+-----------+-----+-----+------------+--------------+--------------+
| RTL Ports | Dir | Bits|  Protocol  | Source Object|    C Type    |
+-----------+-----+-----+------------+--------------+--------------+
|ap_clk     |  in |    1| ap_ctrl_hs |      eq      | return value |
|ap_rst     |  in |    1| ap_ctrl_hs |      eq      | return value |
|ap_start   |  in |    1| ap_ctrl_hs |      eq      | return value |
|ap_done    | out |    1| ap_ctrl_hs |      eq      | return value |
|ap_idle    | out |    1| ap_ctrl_hs |      eq      | return value |
|ap_ready   | out |    1| ap_ctrl_hs |      eq      | return value |
|ap_return  | out |   32| ap_ctrl_hs |      eq      | return value |
|a          |  in |   32|   ap_none  |       a      |    scalar    |
|b          |  in |   32|   ap_none  |       b      |    scalar    |
+-----------+-----+-----+------------+--------------+--------------+

